#
# There is insufficient memory for the Java Runtime Environment to continue.
# Native memory allocation (malloc) failed to allocate 1467792 bytes. Error detail: Chunk::new
# Possible reasons:
#   The system is out of physical RAM or swap space
#   This process is running with CompressedOops enabled, and the Java Heap may be blocking the growth of the native heap
# Possible solutions:
#   Reduce memory load on the system
#   Increase physical memory or swap space
#   Check if swap backing store is full
#   Decrease Java heap size (-Xmx/-Xms)
#   Decrease number of Java threads
#   Decrease Java thread stack sizes (-Xss)
#   Set larger code cache with -XX:ReservedCodeCacheSize=
#   JVM is running with Unscaled Compressed Oops mode in which the Java heap is
#     placed in the first 4GB address space. The Java Heap base address is the
#     maximum limit for the native heap growth. Please use -XX:HeapBaseMinAddress
#     to set the Java Heap base and to place the Java Heap above 4GB virtual address.
# This output file may be truncated or incomplete.
#
#  Out of Memory Error (arena.cpp:186), pid=9748, tid=10032
#
# JRE version: OpenJDK Runtime Environment JBR-25.0.2+1-329.117-jcef (25.0.2+1) (build 25.0.2+1-b329.117)
# Java VM: OpenJDK 64-Bit Server VM JBR-25.0.2+1-329.117-jcef (25.0.2+1-b329.117, mixed mode, sharing, tiered, compressed oops, compressed class ptrs, g1 gc, windows-amd64)
# No core dump will be written. Minidumps are not enabled by default on client versions of Windows
#

---------------  S U M M A R Y ------------

Command Line: git4idea.http.GitAskPassApp Password for 'https://github.com': 

Host: AMD Ryzen 5 5600H with Radeon Graphics         , 12 cores, 5G,  Windows 11 , 64 bit Build 26100 (10.0.26100.8875)
Time: Thu Jul 16 15:35:34 2026 India Standard Time elapsed time: 1.495995 seconds (0d 0h 0m 1s)

---------------  T H R E A D  ---------------

Current thread (0x0000023fa1011d10):  JavaThread "C2 CompilerThread0" daemon [_thread_in_native, id=10032, stack(0x000000d56a500000,0x000000d56a600000) (1024K)]


Current CompileTask:
C2:1496  998       4       sun.security.ec.ECOperations::setDouble (463 bytes)

Stack: [0x000000d56a500000,0x000000d56a600000]
Native frames: (J=compiled Java code, j=interpreted, Vv=VM code, C=native code)
V  [jvm.dll+0x7c0cc9]  (no source info available)
V  [jvm.dll+0x78a49d]  (no source info available)
V  [jvm.dll+0xa0e693]  (no source info available)
V  [jvm.dll+0xa10e8c]  (no source info available)
V  [jvm.dll+0xa11583]  (no source info available)
V  [jvm.dll+0x307b46]  (no source info available)
V  [jvm.dll+0x114676]  (no source info available)
V  [jvm.dll+0x1149a6]  (no source info available)
V  [jvm.dll+0x460527]  (no source info available)
V  [jvm.dll+0x42f3b2]  (no source info available)
V  [jvm.dll+0x42e7da]  (no source info available)
V  [jvm.dll+0x2c9a49]  (no source info available)
V  [jvm.dll+0x2c8bdb]  (no source info available)
V  [jvm.dll+0x240560]  (no source info available)
V  [jvm.dll+0x2d8c64]  (no source info available)
V  [jvm.dll+0x2d6e8b]  (no source info available)
V  [jvm.dll+0x49dbc5]  (no source info available)
V  [jvm.dll+0x9ae57d]  (no source info available)
V  [jvm.dll+0x7bf1e5]  (no source info available)
C  [ucrtbase.dll+0x2cd30]  (no source info available)
C  [KERNEL32.DLL+0x2e957]  (no source info available)
C  [ntdll.dll+0xaad6c]  (no source info available)

Lock stack of current Java thread (top to bottom):


---------------  P R O C E S S  ---------------

Threads class SMR info:
_java_thread_list=0x0000023fa6441030, length=14, elements={
0x0000023f8683dec0, 0x0000023fa0fe94d0, 0x0000023fa0febb80, 0x0000023fa0fec9e0,
0x0000023fa0ff7f10, 0x0000023fa0ff8ad0, 0x0000023fa0ffb6a0, 0x0000023fa0ffc390,
0x0000023fa1011d10, 0x0000023fa1023130, 0x0000023fa108ddf0, 0x0000023fa60da4c0,
0x0000023fa643fbd0, 0x0000023fa6459330
}

Java Threads: ( => current thread )
  0x0000023f8683dec0 JavaThread "main"                              [_thread_blocked, id=13964, stack(0x000000d569600000,0x000000d569700000) (1024K)]
  0x0000023fa0fe94d0 JavaThread "Common-Cleaner"             daemon [_thread_blocked, id=7388, stack(0x000000d569e00000,0x000000d569f00000) (1024K)]
  0x0000023fa0febb80 JavaThread "Reference Handler"          daemon [_thread_blocked, id=972, stack(0x000000d569f00000,0x000000d56a000000) (1024K)]
  0x0000023fa0fec9e0 JavaThread "Finalizer"                  daemon [_thread_blocked, id=4012, stack(0x000000d56a000000,0x000000d56a100000) (1024K)]
  0x0000023fa0ff7f10 JavaThread "Signal Dispatcher"          daemon [_thread_blocked, id=6792, stack(0x000000d56a100000,0x000000d56a200000) (1024K)]
  0x0000023fa0ff8ad0 JavaThread "Attach Listener"            daemon [_thread_blocked, id=2620, stack(0x000000d56a200000,0x000000d56a300000) (1024K)]
  0x0000023fa0ffb6a0 JavaThread "Service Thread"             daemon [_thread_blocked, id=18320, stack(0x000000d56a300000,0x000000d56a400000) (1024K)]
  0x0000023fa0ffc390 JavaThread "Monitor Deflation Thread"   daemon [_thread_blocked, id=24724, stack(0x000000d56a400000,0x000000d56a500000) (1024K)]
=>0x0000023fa1011d10 JavaThread "C2 CompilerThread0"         daemon [_thread_in_native, id=10032, stack(0x000000d56a500000,0x000000d56a600000) (1024K)]
  0x0000023fa1023130 JavaThread "C1 CompilerThread0"         daemon [_thread_blocked, id=4684, stack(0x000000d56a600000,0x000000d56a700000) (1024K)]
  0x0000023fa108ddf0 JavaThread "Notification Thread"        daemon [_thread_blocked, id=9920, stack(0x000000d56a700000,0x000000d56a800000) (1024K)]
  0x0000023fa60da4c0 JavaThread "HttpClient-1-SelectorManager" daemon [_thread_in_native, id=3436, stack(0x000000d56a800000,0x000000d56a900000) (1024K)]
  0x0000023fa643fbd0 JavaThread "HttpClient-1-Worker-0"      daemon [_thread_blocked, id=9156, stack(0x000000d56aa00000,0x000000d56ab00000) (1024K)]
  0x0000023fa6459330 JavaThread "HttpClient-1-Worker-1"      daemon [_thread_blocked, id=20296, stack(0x000000d56ab00000,0x000000d56ac00000) (1024K)]
Total: 14

Other Threads:
  0x0000023fa0fd82d0 VMThread "VM Thread"                           [id=6904, stack(0x000000d569d00000,0x000000d569e00000) (1024K)]
  0x0000023fa0fc4ab0 WatcherThread "VM Periodic Task Thread"        [id=11144, stack(0x000000d569c00000,0x000000d569d00000) (1024K)]
  0x0000023f88d6a020 WorkerThread "GC Thread#0"                     [id=24884, stack(0x000000d569700000,0x000000d569800000) (1024K)]
  0x0000023f88d7e890 ConcurrentGCThread "G1 Main Marker"            [id=25140, stack(0x000000d569800000,0x000000d569900000) (1024K)]
  0x0000023f88d7f430 WorkerThread "G1 Conc#0"                       [id=26804, stack(0x000000d569900000,0x000000d569a00000) (1024K)]
  0x0000023f88ddea60 ConcurrentGCThread "G1 Refine#0"               [id=1940, stack(0x000000d569a00000,0x000000d569b00000) (1024K)]
  0x0000023fa0e95600 ConcurrentGCThread "G1 Service"                [id=7320, stack(0x000000d569b00000,0x000000d569c00000) (1024K)]
Total: 7

Threads with active compile tasks:
C2 CompilerThread0  1560  998       4       sun.security.ec.ECOperations::setDouble (463 bytes)
Total: 1

VM state: not at safepoint (normal execution)

VM Mutex/Monitor currently owned by a thread: None

Heap address: 0x00000000a2400000, size: 1500 MB, Compressed Oops mode: 32-bit

CDS archive(s) mapped at: [0x000000001b000000-0x000000001ccd0000-0x000000001ccd0000), size 30212096, SharedBaseAddress: 0x000000001b000000, ArchiveRelocationMode: 1.
Compressed class space mapped at: 0x000000001d000000-0x000000005d000000, reserved size: 1073741824
UseCompressedClassPointers 1, UseCompactObjectHeaders 0
Narrow klass pointer bits 32, Max shift 3
Narrow klass base: 0x000000001b000000, Narrow klass shift: 0
Encoding Range: [0x000000001b000000 - 0x000000011b000000), (4294967296 bytes)
Klass Range:    [0x000000001b010000 - 0x000000005d000000), (1107230720 bytes)
Klass ID Range:  [65536 - 1107296249) (1107230713)
Protection zone: [0x000000001b000000 - 0x000000001b010000), (65536 bytes)

GC Precious Log:
 CardTable entry size: 512
 Card Set container configuration: InlinePtr #cards 5 size 8 Array Of Cards #cards 10 size 36 Howl #buckets 4 coarsen threshold 1843 Howl Bitmap #cards 512 size 80 coarsen threshold 460 Card regions per heap region 1 cards per card region 2048
 CPUs: 12 total, 12 available
 Memory: 5996M
 Large Page Support: Disabled
 NUMA Support: Disabled
 Compressed Oops: Enabled (32-bit)
 Heap Region Size: 1M
 Heap Min Capacity: 8M
 Heap Initial Capacity: 94M
 Heap Max Capacity: 1500M
 Pre-touch: Disabled
 Parallel Workers: 10
 Concurrent Workers: 3
 Concurrent Refinement Workers: 10
 Periodic GC: Disabled

Heap:
 garbage-first heap   total reserved 1536000K, committed 99328K, used 17668K [0x00000000a2400000, 0x0000000100000000)
  region size 1024K, 16 young (16384K), 0 survivors (0K)

Heap Regions: E=young(eden), S=young(survivor), O=old, HS=humongous(starts), HC=humongous(continues), CS=collection set, F=free, TAMS=top-at-mark-start, PB=parsable bottom
|   0|0x00000000a2400000, 0x00000000a2400000, 0x00000000a2500000|  0%| F|  |TAMS 0x00000000a2400000| PB 0x00000000a2400000| Untracked |  0
|   1|0x00000000a2500000, 0x00000000a2500000, 0x00000000a2600000|  0%| F|  |TAMS 0x00000000a2500000| PB 0x00000000a2500000| Untracked |  0
|   2|0x00000000a2600000, 0x00000000a2600000, 0x00000000a2700000|  0%| F|  |TAMS 0x00000000a2600000| PB 0x00000000a2600000| Untracked |  0
|   3|0x00000000a2700000, 0x00000000a2700000, 0x00000000a2800000|  0%| F|  |TAMS 0x00000000a2700000| PB 0x00000000a2700000| Untracked |  0
|   4|0x00000000a2800000, 0x00000000a2800000, 0x00000000a2900000|  0%| F|  |TAMS 0x00000000a2800000| PB 0x00000000a2800000| Untracked |  0
|   5|0x00000000a2900000, 0x00000000a2900000, 0x00000000a2a00000|  0%| F|  |TAMS 0x00000000a2900000| PB 0x00000000a2900000| Untracked |  0
|   6|0x00000000a2a00000, 0x00000000a2a00000, 0x00000000a2b00000|  0%| F|  |TAMS 0x00000000a2a00000| PB 0x00000000a2a00000| Untracked |  0
|   7|0x00000000a2b00000, 0x00000000a2b00000, 0x00000000a2c00000|  0%| F|  |TAMS 0x00000000a2b00000| PB 0x00000000a2b00000| Untracked |  0
|   8|0x00000000a2c00000, 0x00000000a2c00000, 0x00000000a2d00000|  0%| F|  |TAMS 0x00000000a2c00000| PB 0x00000000a2c00000| Untracked |  0
|   9|0x00000000a2d00000, 0x00000000a2d00000, 0x00000000a2e00000|  0%| F|  |TAMS 0x00000000a2d00000| PB 0x00000000a2d00000| Untracked |  0
|  10|0x00000000a2e00000, 0x00000000a2e00000, 0x00000000a2f00000|  0%| F|  |TAMS 0x00000000a2e00000| PB 0x00000000a2e00000| Untracked |  0
|  11|0x00000000a2f00000, 0x00000000a2f00000, 0x00000000a3000000|  0%| F|  |TAMS 0x00000000a2f00000| PB 0x00000000a2f00000| Untracked |  0
|  12|0x00000000a3000000, 0x00000000a3000000, 0x00000000a3100000|  0%| F|  |TAMS 0x00000000a3000000| PB 0x00000000a3000000| Untracked |  0
|  13|0x00000000a3100000, 0x00000000a3100000, 0x00000000a3200000|  0%| F|  |TAMS 0x00000000a3100000| PB 0x00000000a3100000| Untracked |  0
|  14|0x00000000a3200000, 0x00000000a3200000, 0x00000000a3300000|  0%| F|  |TAMS 0x00000000a3200000| PB 0x00000000a3200000| Untracked |  0
|  15|0x00000000a3300000, 0x00000000a3300000, 0x00000000a3400000|  0%| F|  |TAMS 0x00000000a3300000| PB 0x00000000a3300000| Untracked |  0
|  16|0x00000000a3400000, 0x00000000a3400000, 0x00000000a3500000|  0%| F|  |TAMS 0x00000000a3400000| PB 0x00000000a3400000| Untracked |  0
|  17|0x00000000a3500000, 0x00000000a3500000, 0x00000000a3600000|  0%| F|  |TAMS 0x00000000a3500000| PB 0x00000000a3500000| Untracked |  0
|  18|0x00000000a3600000, 0x00000000a3600000, 0x00000000a3700000|  0%| F|  |TAMS 0x00000000a3600000| PB 0x00000000a3600000| Untracked |  0
|  19|0x00000000a3700000, 0x00000000a3700000, 0x00000000a3800000|  0%| F|  |TAMS 0x00000000a3700000| PB 0x00000000a3700000| Untracked |  0
|  20|0x00000000a3800000, 0x00000000a3800000, 0x00000000a3900000|  0%| F|  |TAMS 0x00000000a3800000| PB 0x00000000a3800000| Untracked |  0
|  21|0x00000000a3900000, 0x00000000a3900000, 0x00000000a3a00000|  0%| F|  |TAMS 0x00000000a3900000| PB 0x00000000a3900000| Untracked |  0
|  22|0x00000000a3a00000, 0x00000000a3a00000, 0x00000000a3b00000|  0%| F|  |TAMS 0x00000000a3a00000| PB 0x00000000a3a00000| Untracked |  0
|  23|0x00000000a3b00000, 0x00000000a3b00000, 0x00000000a3c00000|  0%| F|  |TAMS 0x00000000a3b00000| PB 0x00000000a3b00000| Untracked |  0
|  24|0x00000000a3c00000, 0x00000000a3c00000, 0x00000000a3d00000|  0%| F|  |TAMS 0x00000000a3c00000| PB 0x00000000a3c00000| Untracked |  0
|  25|0x00000000a3d00000, 0x00000000a3d00000, 0x00000000a3e00000|  0%| F|  |TAMS 0x00000000a3d00000| PB 0x00000000a3d00000| Untracked |  0
|  26|0x00000000a3e00000, 0x00000000a3e00000, 0x00000000a3f00000|  0%| F|  |TAMS 0x00000000a3e00000| PB 0x00000000a3e00000| Untracked |  0
|  27|0x00000000a3f00000, 0x00000000a3f00000, 0x00000000a4000000|  0%| F|  |TAMS 0x00000000a3f00000| PB 0x00000000a3f00000| Untracked |  0
|  28|0x00000000a4000000, 0x00000000a4000000, 0x00000000a4100000|  0%| F|  |TAMS 0x00000000a4000000| PB 0x00000000a4000000| Untracked |  0
|  29|0x00000000a4100000, 0x00000000a4100000, 0x00000000a4200000|  0%| F|  |TAMS 0x00000000a4100000| PB 0x00000000a4100000| Untracked |  0
|  30|0x00000000a4200000, 0x00000000a4200000, 0x00000000a4300000|  0%| F|  |TAMS 0x00000000a4200000| PB 0x00000000a4200000| Untracked |  0
|  31|0x00000000a4300000, 0x00000000a4300000, 0x00000000a4400000|  0%| F|  |TAMS 0x00000000a4300000| PB 0x00000000a4300000| Untracked |  0
|  32|0x00000000a4400000, 0x00000000a4400000, 0x00000000a4500000|  0%| F|  |TAMS 0x00000000a4400000| PB 0x00000000a4400000| Untracked |  0
|  33|0x00000000a4500000, 0x00000000a4500000, 0x00000000a4600000|  0%| F|  |TAMS 0x00000000a4500000| PB 0x00000000a4500000| Untracked |  0
|  34|0x00000000a4600000, 0x00000000a4600000, 0x00000000a4700000|  0%| F|  |TAMS 0x00000000a4600000| PB 0x00000000a4600000| Untracked |  0
|  35|0x00000000a4700000, 0x00000000a4700000, 0x00000000a4800000|  0%| F|  |TAMS 0x00000000a4700000| PB 0x00000000a4700000| Untracked |  0
|  36|0x00000000a4800000, 0x00000000a4800000, 0x00000000a4900000|  0%| F|  |TAMS 0x00000000a4800000| PB 0x00000000a4800000| Untracked |  0
|  37|0x00000000a4900000, 0x00000000a4900000, 0x00000000a4a00000|  0%| F|  |TAMS 0x00000000a4900000| PB 0x00000000a4900000| Untracked |  0
|  38|0x00000000a4a00000, 0x00000000a4a00000, 0x00000000a4b00000|  0%| F|  |TAMS 0x00000000a4a00000| PB 0x00000000a4a00000| Untracked |  0
|  39|0x00000000a4b00000, 0x00000000a4b00000, 0x00000000a4c00000|  0%| F|  |TAMS 0x00000000a4b00000| PB 0x00000000a4b00000| Untracked |  0
|  40|0x00000000a4c00000, 0x00000000a4c00000, 0x00000000a4d00000|  0%| F|  |TAMS 0x00000000a4c00000| PB 0x00000000a4c00000| Untracked |  0
|  41|0x00000000a4d00000, 0x00000000a4d00000, 0x00000000a4e00000|  0%| F|  |TAMS 0x00000000a4d00000| PB 0x00000000a4d00000| Untracked |  0
|  42|0x00000000a4e00000, 0x00000000a4e00000, 0x00000000a4f00000|  0%| F|  |TAMS 0x00000000a4e00000| PB 0x00000000a4e00000| Untracked |  0
|  43|0x00000000a4f00000, 0x00000000a4f00000, 0x00000000a5000000|  0%| F|  |TAMS 0x00000000a4f00000| PB 0x00000000a4f00000| Untracked |  0
|  44|0x00000000a5000000, 0x00000000a5000000, 0x00000000a5100000|  0%| F|  |TAMS 0x00000000a5000000| PB 0x00000000a5000000| Untracked |  0
|  45|0x00000000a5100000, 0x00000000a5100000, 0x00000000a5200000|  0%| F|  |TAMS 0x00000000a5100000| PB 0x00000000a5100000| Untracked |  0
|  46|0x00000000a5200000, 0x00000000a5200000, 0x00000000a5300000|  0%| F|  |TAMS 0x00000000a5200000| PB 0x00000000a5200000| Untracked |  0
|  47|0x00000000a5300000, 0x00000000a5300000, 0x00000000a5400000|  0%| F|  |TAMS 0x00000000a5300000| PB 0x00000000a5300000| Untracked |  0
|  48|0x00000000a5400000, 0x00000000a5400000, 0x00000000a5500000|  0%| F|  |TAMS 0x00000000a5400000| PB 0x00000000a5400000| Untracked |  0
|  49|0x00000000a5500000, 0x00000000a5500000, 0x00000000a5600000|  0%| F|  |TAMS 0x00000000a5500000| PB 0x00000000a5500000| Untracked |  0
|  50|0x00000000a5600000, 0x00000000a5600000, 0x00000000a5700000|  0%| F|  |TAMS 0x00000000a5600000| PB 0x00000000a5600000| Untracked |  0
|  51|0x00000000a5700000, 0x00000000a5700000, 0x00000000a5800000|  0%| F|  |TAMS 0x00000000a5700000| PB 0x00000000a5700000| Untracked |  0
|  52|0x00000000a5800000, 0x00000000a5800000, 0x00000000a5900000|  0%| F|  |TAMS 0x00000000a5800000| PB 0x00000000a5800000| Untracked |  0
|  53|0x00000000a5900000, 0x00000000a5900000, 0x00000000a5a00000|  0%| F|  |TAMS 0x00000000a5900000| PB 0x00000000a5900000| Untracked |  0
|  54|0x00000000a5a00000, 0x00000000a5a00000, 0x00000000a5b00000|  0%| F|  |TAMS 0x00000000a5a00000| PB 0x00000000a5a00000| Untracked |  0
|  55|0x00000000a5b00000, 0x00000000a5b00000, 0x00000000a5c00000|  0%| F|  |TAMS 0x00000000a5b00000| PB 0x00000000a5b00000| Untracked |  0
|  56|0x00000000a5c00000, 0x00000000a5c00000, 0x00000000a5d00000|  0%| F|  |TAMS 0x00000000a5c00000| PB 0x00000000a5c00000| Untracked |  0
|  57|0x00000000a5d00000, 0x00000000a5d00000, 0x00000000a5e00000|  0%| F|  |TAMS 0x00000000a5d00000| PB 0x00000000a5d00000| Untracked |  0
|  58|0x00000000a5e00000, 0x00000000a5e00000, 0x00000000a5f00000|  0%| F|  |TAMS 0x00000000a5e00000| PB 0x00000000a5e00000| Untracked |  0
|  59|0x00000000a5f00000, 0x00000000a5f00000, 0x00000000a6000000|  0%| F|  |TAMS 0x00000000a5f00000| PB 0x00000000a5f00000| Untracked |  0
|  60|0x00000000a6000000, 0x00000000a6000000, 0x00000000a6100000|  0%| F|  |TAMS 0x00000000a6000000| PB 0x00000000a6000000| Untracked |  0
|  61|0x00000000a6100000, 0x00000000a6100000, 0x00000000a6200000|  0%| F|  |TAMS 0x00000000a6100000| PB 0x00000000a6100000| Untracked |  0
|  62|0x00000000a6200000, 0x00000000a6200000, 0x00000000a6300000|  0%| F|  |TAMS 0x00000000a6200000| PB 0x00000000a6200000| Untracked |  0
|  63|0x00000000a6300000, 0x00000000a6300000, 0x00000000a6400000|  0%| F|  |TAMS 0x00000000a6300000| PB 0x00000000a6300000| Untracked |  0
|  64|0x00000000a6400000, 0x00000000a6400000, 0x00000000a6500000|  0%| F|  |TAMS 0x00000000a6400000| PB 0x00000000a6400000| Untracked |  0
|  65|0x00000000a6500000, 0x00000000a6500000, 0x00000000a6600000|  0%| F|  |TAMS 0x00000000a6500000| PB 0x00000000a6500000| Untracked |  0
|  66|0x00000000a6600000, 0x00000000a6600000, 0x00000000a6700000|  0%| F|  |TAMS 0x00000000a6600000| PB 0x00000000a6600000| Untracked |  0
|  67|0x00000000a6700000, 0x00000000a6700000, 0x00000000a6800000|  0%| F|  |TAMS 0x00000000a6700000| PB 0x00000000a6700000| Untracked |  0
|  68|0x00000000a6800000, 0x00000000a6800000, 0x00000000a6900000|  0%| F|  |TAMS 0x00000000a6800000| PB 0x00000000a6800000| Untracked |  0
|  69|0x00000000a6900000, 0x00000000a6900000, 0x00000000a6a00000|  0%| F|  |TAMS 0x00000000a6900000| PB 0x00000000a6900000| Untracked |  0
|  70|0x00000000a6a00000, 0x00000000a6a00000, 0x00000000a6b00000|  0%| F|  |TAMS 0x00000000a6a00000| PB 0x00000000a6a00000| Untracked |  0
|  71|0x00000000a6b00000, 0x00000000a6b00000, 0x00000000a6c00000|  0%| F|  |TAMS 0x00000000a6b00000| PB 0x00000000a6b00000| Untracked |  0
|  72|0x00000000a6c00000, 0x00000000a6c00000, 0x00000000a6d00000|  0%| F|  |TAMS 0x00000000a6c00000| PB 0x00000000a6c00000| Untracked |  0
|  73|0x00000000a6d00000, 0x00000000a6d00000, 0x00000000a6e00000|  0%| F|  |TAMS 0x00000000a6d00000| PB 0x00000000a6d00000| Untracked |  0
|  74|0x00000000a6e00000, 0x00000000a6e00000, 0x00000000a6f00000|  0%| F|  |TAMS 0x00000000a6e00000| PB 0x00000000a6e00000| Untracked |  0
|  75|0x00000000a6f00000, 0x00000000a6f00000, 0x00000000a7000000|  0%| F|  |TAMS 0x00000000a6f00000| PB 0x00000000a6f00000| Untracked |  0
|  76|0x00000000a7000000, 0x00000000a7000000, 0x00000000a7100000|  0%| F|  |TAMS 0x00000000a7000000| PB 0x00000000a7000000| Untracked |  0
|  77|0x00000000a7100000, 0x00000000a7100000, 0x00000000a7200000|  0%| F|  |TAMS 0x00000000a7100000| PB 0x00000000a7100000| Untracked |  0
|  78|0x00000000a7200000, 0x00000000a7280000, 0x00000000a7300000| 50%| E|  |TAMS 0x00000000a7200000| PB 0x00000000a7200000| Complete |  0
|  79|0x00000000a7300000, 0x00000000a7400000, 0x00000000a7400000|100%| E|CS|TAMS 0x00000000a7300000| PB 0x00000000a7300000| Complete |  0
|  80|0x00000000a7400000, 0x00000000a7500000, 0x00000000a7500000|100%| E|CS|TAMS 0x00000000a7400000| PB 0x00000000a7400000| Complete |  0
|  81|0x00000000a7500000, 0x00000000a7600000, 0x00000000a7600000|100%| E|CS|TAMS 0x00000000a7500000| PB 0x00000000a7500000| Complete |  0
|  82|0x00000000a7600000, 0x00000000a7700000, 0x00000000a7700000|100%| E|CS|TAMS 0x00000000a7600000| PB 0x00000000a7600000| Complete |  0
|  83|0x00000000a7700000, 0x00000000a7800000, 0x00000000a7800000|100%| E|CS|TAMS 0x00000000a7700000| PB 0x00000000a7700000| Complete |  0
|  84|0x00000000a7800000, 0x00000000a7900000, 0x00000000a7900000|100%| E|CS|TAMS 0x00000000a7800000| PB 0x00000000a7800000| Complete |  0
|  85|0x00000000a7900000, 0x00000000a7a00000, 0x00000000a7a00000|100%| E|CS|TAMS 0x00000000a7900000| PB 0x00000000a7900000| Complete |  0
|  86|0x00000000a7a00000, 0x00000000a7b00000, 0x00000000a7b00000|100%| E|CS|TAMS 0x00000000a7a00000| PB 0x00000000a7a00000| Complete |  0
|  87|0x00000000a7b00000, 0x00000000a7c00000, 0x00000000a7c00000|100%| E|CS|TAMS 0x00000000a7b00000| PB 0x00000000a7b00000| Complete |  0
|  88|0x00000000a7c00000, 0x00000000a7d00000, 0x00000000a7d00000|100%| E|CS|TAMS 0x00000000a7c00000| PB 0x00000000a7c00000| Complete |  0
|  89|0x00000000a7d00000, 0x00000000a7e00000, 0x00000000a7e00000|100%| E|CS|TAMS 0x00000000a7d00000| PB 0x00000000a7d00000| Complete |  0
|  90|0x00000000a7e00000, 0x00000000a7f00000, 0x00000000a7f00000|100%| E|CS|TAMS 0x00000000a7e00000| PB 0x00000000a7e00000| Complete |  0
|  91|0x00000000a7f00000, 0x00000000a8000000, 0x00000000a8000000|100%| E|CS|TAMS 0x00000000a7f00000| PB 0x00000000a7f00000| Complete |  0
|  92|0x00000000a8000000, 0x00000000a8100000, 0x00000000a8100000|100%| E|CS|TAMS 0x00000000a8000000| PB 0x00000000a8000000| Complete |  0
|  93|0x00000000a8100000, 0x00000000a8200000, 0x00000000a8200000|100%| E|CS|TAMS 0x00000000a8100000| PB 0x00000000a8100000| Complete |  0
|1497|0x00000000ffd00000, 0x00000000ffe00000, 0x00000000ffe00000|100%| O|  |TAMS 0x00000000ffd00000| PB 0x00000000ffd00000| Untracked |  0
|1498|0x00000000ffe00000, 0x00000000fff00000, 0x00000000fff00000|100%| O|  |TAMS 0x00000000ffe00000| PB 0x00000000ffe00000| Untracked |  0
|1499|0x00000000fff00000, 0x00000000fff41038, 0x0000000100000000| 25%| O|  |TAMS 0x00000000fff00000| PB 0x00000000fff00000| Untracked |  0

Card table byte_map: [0x0000023f9c970000,0x0000023f9cc60000] _byte_map_base: 0x0000023f9c45e000

Marking Bits: (CMBitMap*) 0x0000023f88d6a7b0
 Bits: [0x0000023f9cc60000, 0x0000023f9e3d0000)

Polling page: 0x0000023f86d90000

Metaspace:
Metaspace        used 3462K, committed 3712K, reserved 1114112K
 class space     used 417K, committed 512K, reserved 1048576K

Usage:
  Non-class:      2.97 MB used.
      Class:    417.15 KB used.
       Both:      3.38 MB used.

Virtual space:
  Non-class space:       64.00 MB reserved,       3.12 MB (  5%) committed,  1 nodes.
      Class space:        1.00 GB reserved,     512.00 KB ( <1%) committed,  1 nodes.
             Both:        1.06 GB reserved,       3.62 MB ( <1%) committed. 

Chunk freelists:
   Non-Class:  10.43 MB
       Class:  15.45 MB
        Both:  25.88 MB

MaxMetaspaceSize: unlimited
CompressedClassSpaceSize: 1.00 GB
Initial GC threshold: 21.00 MB
Current GC threshold: 21.00 MB
CDS: on
 - commit_granule_bytes: 65536.
 - commit_granule_words: 8192.
 - virtual_space_node_default_size: 8388608.
 - enlarge_chunks_in_place: 1.
UseCompressedClassPointers 1, UseCompactObjectHeaders 0
Narrow klass pointer bits 32, Max shift 3
Narrow klass base: 0x000000001b000000, Narrow klass shift: 0
Encoding Range: [0x000000001b000000 - 0x000000011b000000), (4294967296 bytes)
Klass Range:    [0x000000001b010000 - 0x000000005d000000), (1107230720 bytes)
Klass ID Range:  [65536 - 1107296249) (1107230713)
Protection zone: [0x000000001b000000 - 0x000000001b010000), (65536 bytes)


Internal statistics:

num_allocs_failed_limit: 0.
num_arena_births: 106.
num_arena_deaths: 0.
num_vsnodes_births: 2.
num_vsnodes_deaths: 0.
num_space_committed: 58.
num_space_uncommitted: 0.
num_chunks_returned_to_freelist: 0.
num_chunks_taken_from_freelist: 228.
num_chunk_merges: 0.
num_chunk_splits: 139.
num_chunks_enlarged: 82.
num_inconsistent_stats: 0.

CodeHeap 'non-profiled nmethods': size=120064Kb used=331Kb max_used=331Kb free=119732Kb
 bounds [0x0000023f94be0000, 0x0000023f94e50000, 0x0000023f9c120000]
CodeHeap 'profiled nmethods': size=120000Kb used=1580Kb max_used=1580Kb free=118419Kb
 bounds [0x0000023f8d120000, 0x0000023f8d390000, 0x0000023f94650000]
CodeHeap 'non-nmethods': size=5696Kb used=1407Kb max_used=1415Kb free=4288Kb
 bounds [0x0000023f94650000, 0x0000023f948c0000, 0x0000023f94be0000]
CodeCache: size=245760Kb, used=3318Kb, max_used=3326Kb, free=242439Kb
 total_blobs=1721, nmethods=1191, adapters=434, full_count=0
Compilation: enabled, stopped_count=0, restarted_count=0

Compilation events (20 events):
Event: 0.488 Thread 0x0000023fa1023130 1177       3       java.lang.invoke.MethodHandles$Lookup::linkMethodHandleConstant (227 bytes)
Event: 0.489 Thread 0x0000023fa1023130 nmethod 1177 0x0000023f8d2a1b08 code [0x0000023f8d2a1c00, 0x0000023f8d2a3960]
Event: 0.489 Thread 0x0000023fa1023130 1179       3       java.lang.invoke.MethodHandle::keepsAlive (20 bytes)
Event: 0.490 Thread 0x0000023fa1023130 nmethod 1179 0x0000023f8d2a3988 code [0x0000023f8d2a3a80, 0x0000023f8d2a43a0]
Event: 0.490 Thread 0x0000023fa1023130 1181       3       jdk.internal.classfile.impl.DirectClassBuilder::with (9 bytes)
Event: 0.491 Thread 0x0000023fa1023130 nmethod 1181 0x0000023f8d2a4408 code [0x0000023f8d2a4500, 0x0000023f8d2a4e38]
Event: 0.491 Thread 0x0000023fa1023130 1182       3       java.util.ArrayList::elementData (7 bytes)
Event: 0.491 Thread 0x0000023fa1023130 nmethod 1182 0x0000023f8d2a4e88 code [0x0000023f8d2a4f80, 0x0000023f8d2a50b8]
Event: 0.491 Thread 0x0000023fa1023130 1183       3       java.lang.invoke.DirectMethodHandle$Constructor::<init> (44 bytes)
Event: 0.492 Thread 0x0000023fa1023130 nmethod 1183 0x0000023f8d2a5188 code [0x0000023f8d2a5280, 0x0000023f8d2a5498]
Event: 0.492 Thread 0x0000023fa1023130 1184       3       jdk.internal.classfile.impl.DirectCodeBuilder::fieldAccess (14 bytes)
Event: 0.492 Thread 0x0000023fa1023130 nmethod 1184 0x0000023f8d2a5508 code [0x0000023f8d2a5600, 0x0000023f8d2a5a10]
Event: 0.492 Thread 0x0000023fa1023130 1185       3       jdk.internal.classfile.impl.DirectMethodBuilder::withCode (22 bytes)
Event: 0.492 Thread 0x0000023fa1023130 nmethod 1185 0x0000023f8d2a5a88 code [0x0000023f8d2a5b80, 0x0000023f8d2a5e80]
Event: 0.492 Thread 0x0000023fa1023130 1186       3       java.lang.invoke.DirectMethodHandle::make (25 bytes)
Event: 0.492 Thread 0x0000023fa1023130 nmethod 1186 0x0000023f8d2a5e88 code [0x0000023f8d2a5f80, 0x0000023f8d2a63f0]
Event: 0.493 Thread 0x0000023fa1023130 1187       3       java.lang.classfile.CodeBuilder::invoke (46 bytes)
Event: 0.493 Thread 0x0000023fa1023130 nmethod 1187 0x0000023f8d2a6408 code [0x0000023f8d2a6500, 0x0000023f8d2a69d8]
Event: 0.493 Thread 0x0000023fa1023130 1188       3       jdk.internal.classfile.impl.StackMapGenerator::processMethod (258 bytes)
Event: 1.494 Thread 0x0000023fa1023130 nmethod 1188 0x0000023f8d2a6a08 code [0x0000023f8d2a6b00, 0x0000023f8d2a7dc0]

GC Heap Usage History (0 events):
No events

Metaspace Usage History (0 events):
No events

Dll operation events (2 events):
Event: 0.013 Loaded shared library C:\Program Files\JetBrains\IntelliJ IDEA 2026.1.1\jbr\bin\java.dll
Event: 0.114 Loaded shared library C:\Program Files\JetBrains\IntelliJ IDEA 2026.1.1\jbr\bin\zip.dll

Deoptimization events (20 events):
Event: 0.427 Thread 0x0000023fa643fbd0 Uncommon trap: trap_request=0xffffff5e fr.pc=0x0000023f94c29e80 relative=0x0000000000000200
Event: 0.427 Thread 0x0000023fa643fbd0 Uncommon trap: reason=speculate_class_check action=maybe_recompile pc=0x0000023f94c29e80 method=sun.security.util.math.intpoly.IntegerPolynomial.multByInt([JJ)V @ 26 c2
Event: 0.427 Thread 0x0000023fa643fbd0 DEOPT PACKING pc=0x0000023f94c29e80 sp=0x000000d56aafeb20
Event: 0.427 Thread 0x0000023fa643fbd0 DEOPT UNPACKING pc=0x0000023f94770002 sp=0x000000d56aafea30 mode 2
Event: 0.427 Thread 0x0000023fa643fbd0 Uncommon trap: trap_request=0xffffffde fr.pc=0x0000023f94c25df0 relative=0x0000000000000170
Event: 0.427 Thread 0x0000023fa643fbd0 Uncommon trap: reason=class_check action=maybe_recompile pc=0x0000023f94c25df0 method=sun.security.util.math.intpoly.IntegerPolynomial.multByInt([JJ)V @ 26 c2
Event: 0.427 Thread 0x0000023fa643fbd0 DEOPT PACKING pc=0x0000023f94c25df0 sp=0x000000d56aafea90
Event: 0.427 Thread 0x0000023fa643fbd0 DEOPT UNPACKING pc=0x0000023f94770002 sp=0x000000d56aafea30 mode 2
Event: 0.427 Thread 0x0000023fa643fbd0 Uncommon trap: trap_request=0xffffffde fr.pc=0x0000023f94c25df0 relative=0x0000000000000170
Event: 0.427 Thread 0x0000023fa643fbd0 Uncommon trap: reason=class_check action=maybe_recompile pc=0x0000023f94c25df0 method=sun.security.util.math.intpoly.IntegerPolynomial.multByInt([JJ)V @ 26 c2
Event: 0.427 Thread 0x0000023fa643fbd0 DEOPT PACKING pc=0x0000023f94c25df0 sp=0x000000d56aafea90
Event: 0.427 Thread 0x0000023fa643fbd0 DEOPT UNPACKING pc=0x0000023f94770002 sp=0x000000d56aafea30 mode 2
Event: 0.427 Thread 0x0000023fa643fbd0 Uncommon trap: trap_request=0xffffffde fr.pc=0x0000023f94c25df0 relative=0x0000000000000170
Event: 0.427 Thread 0x0000023fa643fbd0 Uncommon trap: reason=class_check action=maybe_recompile pc=0x0000023f94c25df0 method=sun.security.util.math.intpoly.IntegerPolynomial.multByInt([JJ)V @ 26 c2
Event: 0.427 Thread 0x0000023fa643fbd0 DEOPT PACKING pc=0x0000023f94c25df0 sp=0x000000d56aafea90
Event: 0.427 Thread 0x0000023fa643fbd0 DEOPT UNPACKING pc=0x0000023f94770002 sp=0x000000d56aafea30 mode 2
Event: 0.427 Thread 0x0000023fa643fbd0 Uncommon trap: trap_request=0xffffffde fr.pc=0x0000023f94c25df0 relative=0x0000000000000170
Event: 0.427 Thread 0x0000023fa643fbd0 Uncommon trap: reason=class_check action=maybe_recompile pc=0x0000023f94c25df0 method=sun.security.util.math.intpoly.IntegerPolynomial.multByInt([JJ)V @ 26 c2
Event: 0.427 Thread 0x0000023fa643fbd0 DEOPT PACKING pc=0x0000023f94c25df0 sp=0x000000d56aafea90
Event: 0.427 Thread 0x0000023fa643fbd0 DEOPT UNPACKING pc=0x0000023f94770002 sp=0x000000d56aafea30 mode 2

Classes loaded (20 events):
Event: 0.428 Loading class com/sun/crypto/provider/HKDFKeyDerivation$SupportedHmac
Event: 0.428 Loading class com/sun/crypto/provider/HKDFKeyDerivation$SupportedHmac done
Event: 0.428 Loading class javax/crypto/KDF$Delegate
Event: 0.428 Loading class javax/crypto/KDF$Delegate done
Event: 0.428 Loading class javax/crypto/spec/HKDFParameterSpec
Event: 0.428 Loading class javax/crypto/spec/HKDFParameterSpec done
Event: 0.428 Loading class javax/crypto/spec/HKDFParameterSpec$Builder
Event: 0.428 Loading class javax/crypto/spec/HKDFParameterSpec$Builder done
Event: 0.428 Loading class javax/crypto/spec/HKDFParameterSpec$Extract
Event: 0.429 Loading class javax/crypto/spec/HKDFParameterSpec$Extract done
Event: 0.429 Loading class javax/crypto/spec/HKDFParameterSpec$Expand
Event: 0.429 Loading class javax/crypto/spec/HKDFParameterSpec$Expand done
Event: 0.432 Loading class com/sun/crypto/provider/AEADBufferedStream
Event: 0.432 Loading class com/sun/crypto/provider/AEADBufferedStream done
Event: 0.436 Loading class jdk/internal/event/X509CertificateEvent
Event: 0.436 Loading class jdk/internal/event/X509CertificateEvent done
Event: 0.443 Loading class jdk/internal/event/TLSHandshakeEvent
Event: 0.443 Loading class jdk/internal/event/TLSHandshakeEvent done
Event: 0.481 Loading class java/net/Authenticator$RequestorType
Event: 0.481 Loading class java/net/Authenticator$RequestorType done

Classes unloaded (0 events):
No events

Classes redefined (0 events):
No events

Internal exceptions (20 events):
Event: 0.126 Thread 0x0000023f8683dec0 Exception <a 'sun/nio/fs/WindowsException'{0x00000000a7fe8b18}> (0x00000000a7fe8b18) 
thrown [s\src\hotspot\share\prims\jni.cpp, line 535]
Event: 0.184 Thread 0x0000023f8683dec0 Exception <a 'java/lang/NoSuchMethodError'{0x00000000a7d55418}: 'java.lang.Object java.lang.invoke.DirectMethodHandle$Holder.invokeStaticInit(java.lang.Object, java.lang.Object, int, int, int, int)'> (0x00000000a7d55418) 
thrown [s\src\hotspot\share\interpreter\linkResolver.cpp, line 815]
Event: 0.203 Thread 0x0000023f8683dec0 Exception <a 'java/lang/NoSuchMethodError'{0x00000000a7de2d28}: 'int java.lang.invoke.DirectMethodHandle$Holder.invokeSpecialIFC(java.lang.Object, java.lang.Object, java.lang.Object)'> (0x00000000a7de2d28) 
thrown [s\src\hotspot\share\interpreter\linkResolver.cpp, line 815]
Event: 0.228 Thread 0x0000023f8683dec0 Exception <a 'java/lang/NoSuchMethodError'{0x00000000a7cdc6d8}: 'long java.lang.invoke.DirectMethodHandle$Holder.invokeSpecial(java.lang.Object, java.lang.Object)'> (0x00000000a7cdc6d8) 
thrown [s\src\hotspot\share\interpreter\linkResolver.cpp, line 815]
Event: 0.230 Thread 0x0000023f8683dec0 Exception <a 'java/lang/NoSuchMethodError'{0x00000000a7cf35e8}: 'int java.lang.invoke.DirectMethodHandle$Holder.invokeStatic(java.lang.Object, java.lang.Object, java.lang.Object, java.lang.Object)'> (0x00000000a7cf35e8) 
thrown [s\src\hotspot\share\interpreter\linkResolver.cpp, line 815]
Event: 0.283 Thread 0x0000023f8683dec0 Exception <a 'java/lang/NoSuchMethodError'{0x00000000a7a3d970}: 'java.lang.Object java.lang.invoke.DirectMethodHandle$Holder.newInvokeSpecial(java.lang.Object, java.lang.Object, java.lang.Object, java.lang.Object, java.lang.Object)'> (0x00000000a7a3d970) 
thrown [s\src\hotspot\share\interpreter\linkResolver.cpp, line 815]
Event: 0.305 Thread 0x0000023f8683dec0 Exception <a 'java/lang/NoSuchMethodError'{0x00000000a79a0738}: 'java.lang.Object java.lang.invoke.DirectMethodHandle$Holder.invokeSpecial(java.lang.Object, java.lang.Object, java.lang.Object, java.lang.Object, java.lang.Object, int)'> (0x00000000a79a0738) 
thrown [s\src\hotspot\share\interpreter\linkResolver.cpp, line 815]
Event: 0.307 Thread 0x0000023f8683dec0 Exception <a 'java/lang/NoSuchMethodError'{0x00000000a79b0f80}: 'java.lang.Object java.lang.invoke.Invokers$Holder.linkToTargetMethod(java.lang.Object, java.lang.Object, int, java.lang.Object)'> (0x00000000a79b0f80) 
thrown [s\src\hotspot\share\interpreter\linkResolver.cpp, line 815]
Event: 0.311 Thread 0x0000023f8683dec0 Exception <a 'java/lang/NoSuchMethodError'{0x00000000a79d2f60}: 'void java.lang.invoke.DirectMethodHandle$Holder.invokeSpecial(java.lang.Object, java.lang.Object, java.lang.Object)'> (0x00000000a79d2f60) 
thrown [s\src\hotspot\share\interpreter\linkResolver.cpp, line 815]
Event: 0.320 Thread 0x0000023fa60da4c0 Exception <a 'java/lang/NoSuchMethodError'{0x00000000a7a903d8}: 'int java.lang.invoke.DirectMethodHandle$Holder.invokeStatic(java.lang.Object, int, java.lang.Object)'> (0x00000000a7a903d8) 
thrown [s\src\hotspot\share\interpreter\linkResolver.cpp, line 815]
Event: 0.321 Thread 0x0000023fa60da4c0 Exception <a 'java/lang/NoSuchMethodError'{0x00000000a7aa78e0}: 'void java.lang.invoke.DirectMethodHandle$Holder.invokeStatic(java.lang.Object, java.lang.Object, int)'> (0x00000000a7aa78e0) 
thrown [s\src\hotspot\share\interpreter\linkResolver.cpp, line 815]
Event: 0.322 Thread 0x0000023fa60da4c0 Exception <a 'java/lang/NoSuchMethodError'{0x00000000a7ab6c00}: 'java.lang.Object java.lang.invoke.DirectMethodHandle$Holder.newInvokeSpecial(java.lang.Object, java.lang.Object, int)'> (0x00000000a7ab6c00) 
thrown [s\src\hotspot\share\interpreter\linkResolver.cpp, line 815]
Event: 0.325 Thread 0x0000023f8683dec0 Exception <a 'java/lang/NoSuchMethodError'{0x00000000a7899350}: 'void java.lang.invoke.DirectMethodHandle$Holder.invokeSpecial(java.lang.Object, java.lang.Object, java.lang.Object, java.lang.Object, java.lang.Object)'> (0x00000000a7899350) 
thrown [s\src\hotspot\share\interpreter\linkResolver.cpp, line 815]
Event: 0.329 Thread 0x0000023fa643fbd0 Exception <a 'java/lang/NoSuchMethodError'{0x00000000a770db08}: 'void java.lang.invoke.DirectMethodHandle$Holder.invokeInterface(java.lang.Object, java.lang.Object, java.lang.Object)'> (0x00000000a770db08) 
thrown [s\src\hotspot\share\interpreter\linkResolver.cpp, line 815]
Event: 0.340 Thread 0x0000023fa643fbd0 Exception <a 'java/lang/NoSuchMethodError'{0x00000000a779ba18}: 'long java.lang.invoke.DirectMethodHandle$Holder.invokeStatic(java.lang.Object, long, long)'> (0x00000000a779ba18) 
thrown [s\src\hotspot\share\interpreter\linkResolver.cpp, line 815]
Event: 0.340 Thread 0x0000023fa60da4c0 Exception <a 'java/lang/NoSuchMethodError'{0x00000000a7af47d8}: 'long java.lang.invoke.DirectMethodHandle$Holder.invokeStatic(java.lang.Object, long, long)'> (0x00000000a7af47d8) 
thrown [s\src\hotspot\share\interpreter\linkResolver.cpp, line 815]
Event: 0.417 Thread 0x0000023fa643fbd0 Exception <a 'java/lang/NoSuchMethodError'{0x00000000a7531ff8}: 'void java.lang.invoke.DirectMethodHandle$Holder.invokeInterface(java.lang.Object, java.lang.Object)'> (0x00000000a7531ff8) 
thrown [s\src\hotspot\share\interpreter\linkResolver.cpp, line 815]
Event: 0.422 Thread 0x0000023fa643fbd0 Exception <a 'java/lang/NoSuchMethodError'{0x00000000a75758e0}: 'java.lang.Object java.lang.invoke.Invokers$Holder.invoke_MT(java.lang.Object, java.lang.Object, java.lang.Object, java.lang.Object, java.lang.Object, java.lang.Object)'> (0x00000000a75758e0) 
thrown [s\src\hotspot\share\interpreter\linkResolver.cpp, line 815]
Event: 0.444 Thread 0x0000023fa643fbd0 Exception <a 'java/lang/NoSuchMethodError'{0x00000000a74295c0}: 'void java.lang.invoke.DirectMethodHandle$Holder.invokeStatic(java.lang.Object, java.lang.Object, java.lang.Object, java.lang.Object)'> (0x00000000a74295c0) 
thrown [s\src\hotspot\share\interpreter\linkResolver.cpp, line 815]
Event: 0.490 Thread 0x0000023fa643fbd0 Exception <a 'java/lang/NoSuchMethodError'{0x00000000a720a7d8}: 'void java.lang.invoke.DirectMethodHandle$Holder.invokeSpecial(java.lang.Object, java.lang.Object, java.lang.Object, java.lang.Object, java.lang.Object, java.lang.Object, java.lang.Object)'> (0x00000000a720a7d8) 
thrown [s\src\hotspot\share\interpreter\linkResolver.cpp, line 815]

VM Operations (4 events):
Event: 0.157 Executing non-safepoint VM operation: HandshakeAllThreads (Deoptimize)
Event: 0.157 Executing non-safepoint VM operation: HandshakeAllThreads (Deoptimize) done
Event: 0.481 Executing non-safepoint VM operation: HandshakeAllThreads (Deoptimize)
Event: 0.481 Executing non-safepoint VM operation: HandshakeAllThreads (Deoptimize) done

Memory protections (0 events):
No events

Nmethod flushes (0 events):
No events

Events (20 events):
Event: 0.054 Thread 0x0000023f8683dec0 Thread added: 0x0000023f8683dec0
Event: 0.065 Thread 0x0000023f8683dec0 Thread added: 0x0000023fa0fe94d0
Event: 0.066 Thread 0x0000023f8683dec0 Thread added: 0x0000023fa0febb80
Event: 0.066 Thread 0x0000023f8683dec0 Thread added: 0x0000023fa0fec9e0
Event: 0.066 Thread 0x0000023f8683dec0 Thread added: 0x0000023fa0ff7f10
Event: 0.066 Thread 0x0000023f8683dec0 Thread added: 0x0000023fa0ff8ad0
Event: 0.066 Thread 0x0000023f8683dec0 Thread added: 0x0000023fa0ffb6a0
Event: 0.066 Thread 0x0000023f8683dec0 Thread added: 0x0000023fa0ffc390
Event: 0.067 Thread 0x0000023f8683dec0 Thread added: 0x0000023fa1011d10
Event: 0.067 Thread 0x0000023f8683dec0 Thread added: 0x0000023fa1023130
Event: 0.074 Thread 0x0000023f8683dec0 Thread added: 0x0000023fa108ddf0
Event: 0.079 Loaded shared library C:\Program Files\JetBrains\IntelliJ IDEA 2026.1.1\jbr\bin\net.dll
Event: 0.081 Loaded shared library C:\Program Files\JetBrains\IntelliJ IDEA 2026.1.1\jbr\bin\nio.dll
Event: 0.084 Loaded shared library C:\Program Files\JetBrains\IntelliJ IDEA 2026.1.1\jbr\bin\zip.dll
Event: 0.132 Loaded shared library C:\Program Files\JetBrains\IntelliJ IDEA 2026.1.1\jbr\bin\jimage.dll
Event: 0.252 Loaded shared library C:\Program Files\JetBrains\IntelliJ IDEA 2026.1.1\jbr\bin\sunmscapi.dll
Event: 0.273 Loaded shared library C:\Program Files\JetBrains\IntelliJ IDEA 2026.1.1\jbr\bin\extnet.dll
Event: 0.279 Thread 0x0000023f8683dec0 Thread added: 0x0000023fa60da4c0
Event: 0.327 Thread 0x0000023fa60da4c0 Thread added: 0x0000023fa643fbd0
Event: 0.342 Thread 0x0000023fa60da4c0 Thread added: 0x0000023fa6459330


Dynamic libraries:
0x00007ff6538c0000 - 0x00007ff6538ca000 	C:\Program Files\JetBrains\IntelliJ IDEA 2026.1.1\jbr\bin\java.exe
0x00007ffcb3fe0000 - 0x00007ffcb4246000 	C:\WINDOWS\SYSTEM32\ntdll.dll
0x00007ffcb3670000 - 0x00007ffcb3739000 	C:\WINDOWS\System32\KERNEL32.DLL
0x00007ffcb1900000 - 0x00007ffcb1cfe000 	C:\WINDOWS\System32\KERNELBASE.dll
0x00007ffcb15c0000 - 0x00007ffcb170c000 	C:\WINDOWS\System32\ucrtbase.dll
0x00007ffc84ce0000 - 0x00007ffc84cfe000 	C:\Program Files\JetBrains\IntelliJ IDEA 2026.1.1\jbr\bin\VCRUNTIME140.dll
0x00007ffc90b50000 - 0x00007ffc90b67000 	C:\Program Files\JetBrains\IntelliJ IDEA 2026.1.1\jbr\bin\jli.dll
0x00007ffcb3740000 - 0x00007ffcb3907000 	C:\WINDOWS\System32\USER32.dll
0x00007ffcb12c0000 - 0x00007ffcb12e7000 	C:\WINDOWS\System32\win32u.dll
0x00007ffcb3520000 - 0x00007ffcb354b000 	C:\WINDOWS\System32\GDI32.dll
0x00007ffcb17d0000 - 0x00007ffcb18fa000 	C:\WINDOWS\System32\gdi32full.dll
0x00007ffc93680000 - 0x00007ffc93912000 	C:\WINDOWS\WinSxS\amd64_microsoft.windows.common-controls_6595b64144ccf1df_6.0.26100.8875_none_3e0d5d42e32fe9dd\COMCTL32.dll
0x00007ffcb1720000 - 0x00007ffcb17c3000 	C:\WINDOWS\System32\msvcp_win.dll
0x00007ffcb3ab0000 - 0x00007ffcb3b59000 	C:\WINDOWS\System32\msvcrt.dll
0x00007ffcb3eb0000 - 0x00007ffcb3ee2000 	C:\WINDOWS\System32\IMM32.DLL
0x00007ffc97760000 - 0x00007ffc9776c000 	C:\Program Files\JetBrains\IntelliJ IDEA 2026.1.1\jbr\bin\vcruntime140_1.dll
0x00007ffc79030000 - 0x00007ffc790b9000 	C:\Program Files\JetBrains\IntelliJ IDEA 2026.1.1\jbr\bin\msvcp140.dll
0x00007ffbaa020000 - 0x00007ffbaaf72000 	C:\Program Files\JetBrains\IntelliJ IDEA 2026.1.1\jbr\bin\server\jvm.dll
0x00007ffcb3280000 - 0x00007ffcb3337000 	C:\WINDOWS\System32\ADVAPI32.dll
0x00007ffcb1f10000 - 0x00007ffcb1fba000 	C:\WINDOWS\System32\sechost.dll
0x00007ffcb3340000 - 0x00007ffcb3458000 	C:\WINDOWS\System32\RPCRT4.dll
0x00007ffcb3e20000 - 0x00007ffcb3ea0000 	C:\WINDOWS\System32\WS2_32.dll
0x00007ffcb1080000 - 0x00007ffcb10de000 	C:\WINDOWS\SYSTEM32\POWRPROF.dll
0x00007ffc9d390000 - 0x00007ffc9d3c6000 	C:\WINDOWS\SYSTEM32\WINMM.dll
0x00007ffc9e860000 - 0x00007ffc9e86b000 	C:\WINDOWS\SYSTEM32\VERSION.dll
0x00007ffcb1060000 - 0x00007ffcb1074000 	C:\WINDOWS\SYSTEM32\UMPDC.dll
0x00007ffcafeb0000 - 0x00007ffcafecb000 	C:\WINDOWS\SYSTEM32\kernel.appcore.dll
0x00007ffc90be0000 - 0x00007ffc90bea000 	C:\Program Files\JetBrains\IntelliJ IDEA 2026.1.1\jbr\bin\jimage.dll
0x00007ffcaea00000 - 0x00007ffcaec42000 	C:\WINDOWS\SYSTEM32\DBGHELP.DLL
0x00007ffcb1ff0000 - 0x00007ffcb2373000 	C:\WINDOWS\System32\combase.dll
0x00007ffcb1d30000 - 0x00007ffcb1e09000 	C:\WINDOWS\System32\OLEAUT32.dll
0x00007ffc8a950000 - 0x00007ffc8a98b000 	C:\WINDOWS\SYSTEM32\dbgcore.DLL
0x00007ffcb1500000 - 0x00007ffcb15ac000 	C:\WINDOWS\System32\bcryptPrimitives.dll
0x00007ffc811a0000 - 0x00007ffc811bf000 	C:\Program Files\JetBrains\IntelliJ IDEA 2026.1.1\jbr\bin\java.dll
0x00007ffcb3910000 - 0x00007ffcb3aa9000 	C:\WINDOWS\System32\ole32.dll
0x00007ffcb2960000 - 0x00007ffcb30f2000 	C:\WINDOWS\System32\SHELL32.dll
0x00007ffcaec80000 - 0x00007ffcaf512000 	C:\WINDOWS\SYSTEM32\windows.storage.dll
0x00007ffcb23d0000 - 0x00007ffcb24c7000 	C:\WINDOWS\System32\SHCORE.dll
0x00007ffcb3f30000 - 0x00007ffcb3f97000 	C:\WINDOWS\System32\shlwapi.dll
0x00007ffcb1120000 - 0x00007ffcb1149000 	C:\WINDOWS\SYSTEM32\profapi.dll
0x00007ffc80b60000 - 0x00007ffc80b72000 	C:\Program Files\JetBrains\IntelliJ IDEA 2026.1.1\jbr\bin\net.dll
0x00007ffcb0490000 - 0x00007ffcb04fc000 	C:\WINDOWS\system32\mswsock.dll
0x00007ffc80b40000 - 0x00007ffc80b56000 	C:\Program Files\JetBrains\IntelliJ IDEA 2026.1.1\jbr\bin\nio.dll
0x00007ffc81180000 - 0x00007ffc81197000 	C:\Program Files\JetBrains\IntelliJ IDEA 2026.1.1\jbr\bin\zip.dll
0x00007ffcb0790000 - 0x00007ffcb07ab000 	C:\WINDOWS\SYSTEM32\CRYPTSP.dll
0x00007ffcafe10000 - 0x00007ffcafe49000 	C:\WINDOWS\system32\rsaenh.dll
0x00007ffcb0550000 - 0x00007ffcb0582000 	C:\WINDOWS\SYSTEM32\USERENV.dll
0x00007ffcb10f0000 - 0x00007ffcb111a000 	C:\WINDOWS\SYSTEM32\bcrypt.dll
0x00007ffcb07b0000 - 0x00007ffcb07bc000 	C:\WINDOWS\SYSTEM32\CRYPTBASE.dll
0x00007ffcaf850000 - 0x00007ffcaf883000 	C:\WINDOWS\SYSTEM32\IPHLPAPI.DLL
0x00007ffcb3ef0000 - 0x00007ffcb3efa000 	C:\WINDOWS\System32\NSI.dll
0x00007ffc85930000 - 0x00007ffc8593e000 	C:\Program Files\JetBrains\IntelliJ IDEA 2026.1.1\jbr\bin\sunmscapi.dll
0x00007ffcb1380000 - 0x00007ffcb14f8000 	C:\WINDOWS\System32\CRYPT32.dll
0x00007ffcb09d0000 - 0x00007ffcb0a00000 	C:\WINDOWS\SYSTEM32\ncrypt.dll
0x00007ffcb0980000 - 0x00007ffcb09bf000 	C:\WINDOWS\SYSTEM32\NTASN1.dll
0x00007ffc8fe60000 - 0x00007ffc8fe68000 	C:\WINDOWS\system32\wshunix.dll
0x00007ffc80b30000 - 0x00007ffc80b39000 	C:\Program Files\JetBrains\IntelliJ IDEA 2026.1.1\jbr\bin\extnet.dll

JVMTI agents: none

dbghelp: loaded successfully - version: 4.0.5 - missing functions: none
symbol engine: initialized successfully - sym options: 0x614 - pdb path: .;C:\Program Files\JetBrains\IntelliJ IDEA 2026.1.1\jbr\bin;C:\WINDOWS\SYSTEM32;C:\WINDOWS\WinSxS\amd64_microsoft.windows.common-controls_6595b64144ccf1df_6.0.26100.8875_none_3e0d5d42e32fe9dd;C:\Program Files\JetBrains\IntelliJ IDEA 2026.1.1\jbr\bin\server

VM Arguments:
java_command: git4idea.http.GitAskPassApp Password for 'https://github.com': 
java_class_path (initial): C:/Program Files/JetBrains/IntelliJ IDEA 2026.1.1/plugins/vcs-git/lib/git4idea-rt.jar;C:/Program Files/JetBrains/IntelliJ IDEA 2026.1.1/lib/externalProcess-rt.jar
Launcher Type: SUN_STANDARD

[Global flags]
     intx CICompilerCount                          = 4                                         {product} {ergonomic}
     uint ConcGCThreads                            = 3                                         {product} {ergonomic}
     uint G1ConcRefinementThreads                  = 10                                        {product} {ergonomic}
   size_t G1HeapRegionSize                         = 1048576                                   {product} {ergonomic}
   size_t InitialHeapSize                          = 98566144                                  {product} {ergonomic}
   size_t MarkStackSize                            = 4194304                                   {product} {ergonomic}
   size_t MarkStackSizeMax                         = 536870912                                 {product} {ergonomic}
   size_t MaxHeapSize                              = 1572864000                                {product} {ergonomic}
   size_t MaxNewSize                               = 943718400                                 {product} {ergonomic}
   size_t MinHeapDeltaBytes                        = 1048576                                   {product} {ergonomic}
   size_t MinHeapSize                              = 8388608                                   {product} {ergonomic}
    uintx NonNMethodCodeHeapSize                   = 5832704                                {pd product} {ergonomic}
    uintx NonProfiledCodeHeapSize                  = 122945536                              {pd product} {ergonomic}
    uintx ProfiledCodeHeapSize                     = 122880000                              {pd product} {ergonomic}
    uintx ReservedCodeCacheSize                    = 251658240                              {pd product} {ergonomic}
     bool SegmentedCodeCache                       = true                                      {product} {ergonomic}
   size_t SoftMaxHeapSize                          = 1572864000                             {manageable} {ergonomic}
     bool UseCompressedOops                        = true                           {product lp64_product} {ergonomic}
     bool UseG1GC                                  = true                                      {product} {ergonomic}
     bool UseLargePagesIndividualAllocation        = false                                  {pd product} {ergonomic}

Logging:
Log output configuration:
 #0: stdout all=warning uptime,level,tags foldmultilines=false
 #1: stderr all=off uptime,level,tags foldmultilines=false

Release file:
JAVA_VERSION="25.0.2" 
MODULES="java.base java.datatransfer java.xml java.prefs java.desktop gluegen.rt java.compiler java.instrument java.logging java.management java.security.sasl java.naming java.rmi java.management.rmi java.net.http java.scripting java.security.jgss java.transaction.xa java.sql java.sql.rowset java.xml.crypto java.se java.smartcardio jogl.all jcef jdk.accessibility jdk.internal.jvmstat jdk.attach jdk.charsets jdk.internal.opt jdk.zipfs jdk.compiler jdk.crypto.cryptoki jdk.crypto.ec jdk.crypto.mscapi jdk.dynalink jdk.hotspot.agent jdk.httpserver jdk.internal.ed jdk.internal.le jdk.internal.md jdk.internal.vm.ci jdk.javadoc jdk.jcmd jdk.jdwp.agent jdk.jdi jdk.jfr jdk.localedata jdk.management jdk.management.agent jdk.management.jfr jdk.naming.dns jdk.naming.rmi jdk.net jdk.sctp jdk.security.auth jdk.security.jgss jdk.unsupported jdk.unsupported.desktop jdk.xml.dom" 
IMPLEMENTOR="JetBrains s.r.o." 
IMPLEMENTOR_VERSION="JBR-25.0.2+1-329.117-jcef" 
JAVA_RUNTIME_VERSION="25.0.2+1-b329.117" 
LIBC="default" 
OS_ARCH="x86_64" 
OS_NAME="Windows" 
SOURCE=".:git:b692a8ec6ff7+ jcef_git:git:4a605f44671a" 
JCEF_VERSION="137.0.17.1142+g68de80b" 
JCEF_COMMIT_HASH="68de80bc86de497c8d0632ad0f8fe33625b33bff" 
JCEF_VERSION_DETAILED=137.0.17-gf354b0e-chromium-137.0.7151.104-api-1.21-261-b81

Environment Variables:
PATH=C:/Program Files/Git/mingw64/libexec/git-core;C:/Program Files/Git/mingw64/libexec/git-core;C:\Program Files\Git\mingw64\bin;C:\Program Files\Git\usr\bin;C:\Users\abdul\bin;C:\Program Files\Common Files\Oracle\Java\javapath;C:\Program Files (x86)\VMware\VMware Player\bin\;C:\Windows\system32;C:\Windows;C:\Windows\System32\Wbem;C:\Windows\System32\WindowsPowerShell\v1.0\;C:\Windows\System32\OpenSSH\;C:\Program Files (x86)\NVIDIA Corporation\PhysX\Common;C:\WINDOWS\system32;C:\WINDOWS;C:\WINDOWS\System32\Wbem;C:\WINDOWS\System32\WindowsPowerShell\v1.0\;C:\WINDOWS\System32\OpenSSH\;C:\MinGW\bin;C:\Program Files\Git\cmd;C:\Program Files (x86)\Microsoft SQL Server\160\Tools\Binn\;C:\Program Files\Microsoft SQL Server\160\Tools\Binn\;C:\Program Files\Microsoft SQL Server\Client SDK\ODBC\170\Tools\Binn\;C:\Program Files\Microsoft SQL Server\160\DTS\Binn\;C:\Program Files (x86)\Microsoft SQL Server\160\DTS\Binn\;c:\Users\abdul\AppData\Local\Programs\cursor\resources\app\bin;C:\Program Files\Docker\Docker\resources\bin;C:\Program Files\Java\jdk-24\bin;C:\Program Files\Amazon\AWSCLIV2\;C:\WINDOWS\system32;C:\WINDOWS;C:\WINDOWS\System32\Wbem;C:\WINDOWS\System32\WindowsPowerShell\v1.0\;C:\WINDOWS\System32\OpenSSH\;C:\Users\abdul\Downloads\stripe_1.30.0_windows_x86_64;C:\Program Files\nodejs\;C:\Users\abdul\Downloads\apache-maven-3.9.12-bin\apache-maven-3.9.12\bin;C:\Program Files\NVIDIA Corporation\NVIDIA App\NvDLISR;C:\php;C:\composer;C:\Users\abdul\AppData\Local\Programs\Python\Python310\Scripts\;C:\Users\abdul\AppData\Local\Programs\Python\Python310\;C:\Users\abdul\AppData\Local\pnpm;C:\Users\abdul\AppData\Local\Programs\Python\Python313\Scripts\;C:\Users\abdul\AppData\Local\Programs\Python\Python313\;C:\Users\abdul\AppData\Local\Microsoft\WindowsApps;C:\Users\abdul\AppData\Local\Programs\Microsoft VS Code\bin;C:\Users\abdul\AppData\Local\Programs\cursor\resources\app\bin;C:\Users\abdul\AppData\Roaming\npm;C:\Users\abdul\AppData\Local\GitHubDesktop\bin;C:\Users\abdul\AppData\Roaming\Composer\vendor\bin
USERNAME=abdul
DISPLAY=:0.0
LC_ALL=en_US.UTF-8
TERM=xterm-256color
TMPDIR=C:\Users\abdul\AppData\Local\Temp
OS=Windows_NT
PROCESSOR_IDENTIFIER=AMD64 Family 25 Model 80 Stepping 0, AuthenticAMD
TMP=C:\Users\abdul\AppData\Local\Temp
TEMP=C:\Users\abdul\AppData\Local\Temp




Compilation memory statistics disabled.

Periodic native trim disabled

JNI global refs:
JNI global refs: 19, weak refs: 0

JNI global refs memory usage: 835, weak refs: 201

Process memory usage:
Resident Set Size: 93292K (1% of 6139972K total physical memory with 219344K free physical memory)

OOME stack traces (most recent first):
Classloader memory used:
Loader bootstrap                                                                       : 1726 K
Loader jdk.internal.loader.ClassLoaders$PlatformClassLoader                            : 1705 K
Loader jdk.internal.loader.ClassLoaders$AppClassLoader                                 : 30960 B

---------------  S Y S T E M  ---------------

OS:
 Windows 11 , 64 bit Build 26100 (10.0.26100.8875)
OS uptime: 0 days 3:20 hours
Hyper-V role detected

CPU: total 12 (initial active 12) (12 cores per cpu, 2 threads per core) family 25 model 80 stepping 0 microcode 0xa50000d, cx8, cmov, fxsr, ht, mmx, 3dnowpref, sse, sse2, sse3, ssse3, sse4a, sse4.1, sse4.2, popcnt, lzcnt, tsc, tscinvbit, avx, avx2, aes, erms, clmul, bmi1, bmi2, adx, sha, fma, vzeroupper, clflush, clflushopt, clwb, hv, rdtscp, rdpid, fsrm, f16c, cet_ss
Processor Information for the first 12 processors :
  Max Mhz: 3301, Current Mhz: 3301, Mhz Limit: 3301

Memory: 4k page, system-wide physical 5996M (214M free)
TotalPageFile size 24428M (AvailPageFile size 105M)
current process WorkingSet (physical memory assigned to process): 91M, peak: 91M
current process commit charge ("private bytes"): 215M, peak: 217M

vm_info: OpenJDK 64-Bit Server VM (25.0.2+1-b329.117) for windows-amd64 JRE (25.0.2+1-b329.117), built on 2026-04-20 with MS VC++ 17.14 (VS2022)

END.
